[weaboohere.wixsite.com/dlsdedi.html]
[weaboohere.wixsite.com/dlsdedi/about.html]
[weaboohere.wixsite.com/dlsdedi/blank.html]
[static.parastorage.com/unpkg/core-js-bundle@3.2.1/minified.js]
[weaboohere.wixsite.com/dlsdedi/plans-pricing.html]
[static.parastorage.com/unpkg/focus-within-polyfill@5.0.9/dist/focus-within-polyfill.js]
[backblue.gif]
[fade.gif]
[index.html]
[polyfill.io/v3/polyfill.mind82c.js]
[weaboohere.wixsite.com/47b73115.min.css]
[weaboohere.wixsite.com/1a3ca2ee.min.css]
[weaboohere.wixsite.com/16e44c05.min.css]
[weaboohere.wixsite.com/6ac53ab7.min.css]
[weaboohere.wixsite.com/02595569.min.css]
[weaboohere.wixsite.com/e5861f41.min.css]
[weaboohere.wixsite.com/c53e42d7.min.css]
[weaboohere.wixsite.com/da6c52cb.min.css]
[weaboohere.wixsite.com/3d2759f7.min.css]
[weaboohere.wixsite.com/960c3a88.min.css]
[weaboohere.wixsite.com/390543ac.min.css]
[weaboohere.wixsite.com/9c32533d.min.css]
[weaboohere.wixsite.com/f36661fb.min.css]
[weaboohere.wixsite.com/aa613bd1.min.css]
[weaboohere.wixsite.com/395efea1.min.css]
[weaboohere.wixsite.com/6daaad8b.min.css]
[weaboohere.wixsite.com/bf91693c.min.css]
[weaboohere.wixsite.com/b4ae8803.min.css]
[weaboohere.wixsite.com/62ccedec.min.css]
[weaboohere.wixsite.com/ae08c227.min.css]
[weaboohere.wixsite.com/11f27093.min.css]
[weaboohere.wixsite.com/9b155e90.min.css]
[weaboohere.wixsite.com/4ec2545d.min.css]
[weaboohere.wixsite.com/1bbe301d.min.css]
[weaboohere.wixsite.com/e78a13b3.min.css]
[weaboohere.wixsite.com/b604fd33.min.css]
[weaboohere.wixsite.com/48c6d58d.min.css]
[weaboohere.wixsite.com/439c90c8.min.css]
[weaboohere.wixsite.com/cd69f57c.min.css]
[weaboohere.wixsite.com/bc223d50.min.css]
[weaboohere.wixsite.com/bc2466c0.min.css]
[weaboohere.wixsite.com/5d7b6bbf.min.css]
[weaboohere.wixsite.com/3fdab364.min.css]
[weaboohere.wixsite.com/20d93486.min.css]
[weaboohere.wixsite.com/9692b4a8.min.css]
[weaboohere.wixsite.com/914012ea.min.css]
[weaboohere.wixsite.com/ffa0eb8f.min.css]
[weaboohere.wixsite.com/fe8be6d6.min.css]
[weaboohere.wixsite.com/a28cca36.min.css]
[weaboohere.wixsite.com/02b07b80.min.css]
[weaboohere.wixsite.com/265e9a4a.min.css]
[weaboohere.wixsite.com/ff342417.min.css]
[weaboohere.wixsite.com/2a1582d7.min.css]
[weaboohere.wixsite.com/eb321d93.min.css]
[weaboohere.wixsite.com/06cfef68.min.css]
[weaboohere.wixsite.com/49a18e23.min.css]
[weaboohere.wixsite.com/2467b183.min.css]
[weaboohere.wixsite.com/f9fd7cbe.min.css]
[weaboohere.wixsite.com/e142d0f4.min.css]
[weaboohere.wixsite.com/96a73741.min.css]
[weaboohere.wixsite.com/4c758e80.min.css]
[weaboohere.wixsite.com/44b62fdc.min.css]
[weaboohere.wixsite.com/7f8c7c3e.min.css]
[weaboohere.wixsite.com/fbbc0ea4.min.css]
[weaboohere.wixsite.com/5d29307d.min.css]
[weaboohere.wixsite.com/85af43ab.min.css]
[weaboohere.wixsite.com/7010eb60.min.css]
[weaboohere.wixsite.com/566bec70.min.css]
[weaboohere.wixsite.com/fc40122e.min.css]
[weaboohere.wixsite.com/45242c23.min.css]
[weaboohere.wixsite.com/0efca64c.min.css]
[weaboohere.wixsite.com/42ccdc69.min.css]
[weaboohere.wixsite.com/4ea3b970.min.css]
[weaboohere.wixsite.com/0ee85551.min.css]
[weaboohere.wixsite.com/085f85ee.min.css]
[weaboohere.wixsite.com/fc21aae5.min.css]
[weaboohere.wixsite.com/641eb53d.min.css]
[weaboohere.wixsite.com/cabcae51.min.css]
[weaboohere.wixsite.com/b66c178d.min.css]
[weaboohere.wixsite.com/c7fdedca.min.css]
[weaboohere.wixsite.com/ce9dcea4.min.css]
[weaboohere.wixsite.com/bc497b45.min.css]
[weaboohere.wixsite.com/2acb415c.min.css]
[weaboohere.wixsite.com/7d6cd51b.min.css]
[weaboohere.wixsite.com/16e57088.min.css]
[weaboohere.wixsite.com/0a1c073a.min.css]
[weaboohere.wixsite.com/1ac8fc0f.min.css]
[weaboohere.wixsite.com/e5d84163.min.css]
[weaboohere.wixsite.com/d5f023bb.min.css]
[weaboohere.wixsite.com/d820de38.min.css]
[weaboohere.wixsite.com/012dc85e.min.css]
[weaboohere.wixsite.com/9d29a199.min.css]
[weaboohere.wixsite.com/381ee71b.min.css]
[weaboohere.wixsite.com/bf413556.min.css]
[weaboohere.wixsite.com/316080a6.min.css]
[weaboohere.wixsite.com/51a9742f.min.css]
[weaboohere.wixsite.com/bf732f1f.min.css]
[weaboohere.wixsite.com/99f4b3eb.min.css]
[weaboohere.wixsite.com/a545d558.min.css]
[weaboohere.wixsite.com/2dbd3d0a.min.css]
[weaboohere.wixsite.com/5346ce3f.min.css]
[weaboohere.wixsite.com/f658a9c4.min.css]
[weaboohere.wixsite.com/7c9ceb1e.min.css]
[weaboohere.wixsite.com/aa72298b.min.css]
[weaboohere.wixsite.com/6ea2cb1c.min.css]
[weaboohere.wixsite.com/a9c2732c.min.css]
[weaboohere.wixsite.com/93e61b80.min.css]
[weaboohere.wixsite.com/4bbd8d4f.min.css]
[weaboohere.wixsite.com/f4297adc.min.css]
[weaboohere.wixsite.com/f3af5621.min.css]
[weaboohere.wixsite.com/23167c06.min.css]
[weaboohere.wixsite.com/4c919285.min.css]
[weaboohere.wixsite.com/99e902d9.min.css]
[weaboohere.wixsite.com/7761d6fc.min.css]
[weaboohere.wixsite.com/164e68d9.min.css]
[weaboohere.wixsite.com/40e5d5cf.min.css]
[weaboohere.wixsite.com/7c602eb2.min.css]
[weaboohere.wixsite.com/6b4c7217.min.css]
[weaboohere.wixsite.com/5b26625f.min.css]
[weaboohere.wixsite.com/2e327647.min.css]
[weaboohere.wixsite.com/4a6a7fc9.min.css]
[weaboohere.wixsite.com/f52e40aa.min.css]
[weaboohere.wixsite.com/29ef3ea9.min.css]
[weaboohere.wixsite.com/8a33f286.min.css]
[weaboohere.wixsite.com/a1e4335b.min.css]
[weaboohere.wixsite.com/6df35c38.min.css]
[weaboohere.wixsite.com/b8760986.min.css]
[weaboohere.wixsite.com/37bd0eeb.min.css]
[weaboohere.wixsite.com/8d04f72e.min.css]
[weaboohere.wixsite.com/84c587cd.min.css]
[weaboohere.wixsite.com/23e436be.min.css]
[weaboohere.wixsite.com/41f1fa78.min.css]
[weaboohere.wixsite.com/3e581339.min.css]
[weaboohere.wixsite.com/a2f0f523.min.css]
[weaboohere.wixsite.com/86aca973.min.css]
[weaboohere.wixsite.com/7c1692b1.min.css]
[weaboohere.wixsite.com/8005d5c1.min.css]
[weaboohere.wixsite.com/0e20a470.min.css]
[weaboohere.wixsite.com/c9b5bd15.min.css]
[weaboohere.wixsite.com/8c688a9d.min.css]
[weaboohere.wixsite.com/6b1e299b.min.css]
[weaboohere.wixsite.com/11d68990.min.css]
[weaboohere.wixsite.com/3f166307.min.css]
[weaboohere.wixsite.com/1355ec40.min.css]
[weaboohere.wixsite.com/48220e7a.min.css]
[weaboohere.wixsite.com/eca71e40.min.css]
[weaboohere.wixsite.com/024f5250.min.css]
[weaboohere.wixsite.com/54e8ad37.min.css]
[weaboohere.wixsite.com/c79634ce.min.css]
[weaboohere.wixsite.com/036d1c2c.min.css]
[weaboohere.wixsite.com/04c30725.min.css]
[weaboohere.wixsite.com/685dda1c.min.css]
[weaboohere.wixsite.com/70558d9b.min.css]
[weaboohere.wixsite.com/b43bc41a.min.css]
[weaboohere.wixsite.com/aff3efe3.min.css]
[weaboohere.wixsite.com/44306cc3.min.css]
[weaboohere.wixsite.com/f08a1c03.min.css]
[weaboohere.wixsite.com/6818c64c.min.css]
[weaboohere.wixsite.com/4fa4a352.min.css]
[weaboohere.wixsite.com/97d7cd97.min.css]
[weaboohere.wixsite.com/a1e76019.min.css]
[weaboohere.wixsite.com/b4bc6361.min.css]
[weaboohere.wixsite.com/9eed3e82.min.css]
[weaboohere.wixsite.com/ce776e38.min.css]
[weaboohere.wixsite.com/4a43b954.min.css]
[weaboohere.wixsite.com/799d016a.min.css]
[weaboohere.wixsite.com/c434348a.min.css]
[weaboohere.wixsite.com/4038e1e2.min.css]
[weaboohere.wixsite.com/c24f5e69.min.css]
[weaboohere.wixsite.com/8ab00128.min.css]
[weaboohere.wixsite.com/45eee88d.min.css]
[weaboohere.wixsite.com/7df86004.min.css]
[weaboohere.wixsite.com/145b5660.min.css]
[weaboohere.wixsite.com/3e624017.min.css]
[weaboohere.wixsite.com/eb810a4a.min.css]
[weaboohere.wixsite.com/81ed76c3.min.css]
[weaboohere.wixsite.com/d1f9c7e6.min.css]
[weaboohere.wixsite.com/b9c1dae7.min.css]
[weaboohere.wixsite.com/fcdab481.min.css]
[weaboohere.wixsite.com/b0da3a19.min.css]
[weaboohere.wixsite.com/70e8afa8.min.css]
[weaboohere.wixsite.com/9c39b1d1.min.css]
[weaboohere.wixsite.com/59f9faa0.min.css]
[weaboohere.wixsite.com/b92ba9ff.min.css]
[weaboohere.wixsite.com/3810b71a.min.css]
[weaboohere.wixsite.com/41f245d4.min.css]
[weaboohere.wixsite.com/e24e08e7.min.css]
[weaboohere.wixsite.com/2366b4ac.min.css]
[weaboohere.wixsite.com/0357d64b.min.css]
[weaboohere.wixsite.com/13eb5276.min.css]
[weaboohere.wixsite.com/2978359e.min.css]
[weaboohere.wixsite.com/4b1f6567.min.css]
[weaboohere.wixsite.com/4e6fba8d.min.css]
[weaboohere.wixsite.com/883064bf.min.css]
[weaboohere.wixsite.com/55fd4990.min.css]
[weaboohere.wixsite.com/882dfccd.min.css]
[weaboohere.wixsite.com/70efe3c5.min.css]
[weaboohere.wixsite.com/6d011635.min.css]
[weaboohere.wixsite.com/af38aead.min.css]
[weaboohere.wixsite.com/39cfb47d.min.css]
[weaboohere.wixsite.com/1a1f2ab9.min.css]
[weaboohere.wixsite.com/5ed4e092.min.css]
[weaboohere.wixsite.com/75512b1a.min.css]
[weaboohere.wixsite.com/2a38244f.min.css]
[weaboohere.wixsite.com/837e8139.min.css]
[weaboohere.wixsite.com/f8ec65c6.min.css]
[weaboohere.wixsite.com/913e0517.min.css]
[weaboohere.wixsite.com/2ce475e3.min.css]
[weaboohere.wixsite.com/96f4b814.min.css]
[weaboohere.wixsite.com/efcd8729.min.css]
[weaboohere.wixsite.com/0ebb4539.min.css]
[weaboohere.wixsite.com/c9371416.min.css]
[weaboohere.wixsite.com/84fca3f0.min.css]
[weaboohere.wixsite.com/44b60e9d.min.css]
[weaboohere.wixsite.com/48e483a5.min.css]
[weaboohere.wixsite.com/100a01ba.min.css]
[weaboohere.wixsite.com/dba31346.min.css]
[weaboohere.wixsite.com/5a61fee8.min.css]
[weaboohere.wixsite.com/6010b816.min.css]
[weaboohere.wixsite.com/99e9084d.min.css]
[weaboohere.wixsite.com/39cdb6e7.min.css]
[weaboohere.wixsite.com/98f5e34d.min.css]
[weaboohere.wixsite.com/4bd62377.min.css]
[weaboohere.wixsite.com/f6b4449f.min.css]
[weaboohere.wixsite.com/692d3cfd.min.css]
[weaboohere.wixsite.com/dda10bbb.min.css]
[weaboohere.wixsite.com/826aa068.min.css]
[weaboohere.wixsite.com/71561e01.min.css]
[weaboohere.wixsite.com/2aa93db9.min.css]
[weaboohere.wixsite.com/ac1f0c83.min.css]
[weaboohere.wixsite.com/3fc3aa14.min.css]
[weaboohere.wixsite.com/eed9660c.min.css]
[weaboohere.wixsite.com/e98ddd9c.min.css]
[weaboohere.wixsite.com/9f54505f.min.css]
[weaboohere.wixsite.com/82a3c6bd.min.css]
[weaboohere.wixsite.com/959e5e9e.min.css]
[weaboohere.wixsite.com/c6933345.min.css]
[weaboohere.wixsite.com/7ac66a81.min.css]
[weaboohere.wixsite.com/7f6e9aff.min.css]
[weaboohere.wixsite.com/7197ceeb.min.css]
[weaboohere.wixsite.com/4d761874.min.css]
[weaboohere.wixsite.com/57ee110f.min.css]
[weaboohere.wixsite.com/723e4fed.min.css]
[weaboohere.wixsite.com/7d0d5475.min.css]
[weaboohere.wixsite.com/d9e9ecf4.min.css]
[weaboohere.wixsite.com/4d71157d.min.css]
[weaboohere.wixsite.com/30611ad6.min.css]
[weaboohere.wixsite.com/3107aee2.min.css]
[weaboohere.wixsite.com/add763df.min.css]
[weaboohere.wixsite.com/20a005d9.min.css]
[weaboohere.wixsite.com/f12c724d.min.css]
[weaboohere.wixsite.com/b240b5cd.min.css]
[weaboohere.wixsite.com/9d437fe6.min.css]
[weaboohere.wixsite.com/c79506ef.min.css]
[weaboohere.wixsite.com/2683b280.min.css]
[weaboohere.wixsite.com/e356d735.min.css]
[weaboohere.wixsite.com/1fef0d1f.min.css]
[weaboohere.wixsite.com/4e9ee1a3.min.css]
[weaboohere.wixsite.com/8845e14b.min.css]
[weaboohere.wixsite.com/a7d5ac4b.min.css]
[weaboohere.wixsite.com/015a530e.min.css]
[weaboohere.wixsite.com/b6e3e82f.min.css]
[weaboohere.wixsite.com/731d5bce.min.css]
[weaboohere.wixsite.com/c61ac2b6.min.css]
[weaboohere.wixsite.com/c9d89f77.min.css]
[weaboohere.wixsite.com/77753e29.min.css]
[weaboohere.wixsite.com/2a3ba4df.min.css]
[weaboohere.wixsite.com/1150efce.min.css]
[weaboohere.wixsite.com/dbfd66d7.min.css]
[weaboohere.wixsite.com/e1813de1.min.css]
[weaboohere.wixsite.com/34b72cf9.min.css]
[weaboohere.wixsite.com/5d684912.min.css]
[weaboohere.wixsite.com/07d43a5b.min.css]
[weaboohere.wixsite.com/74e60b57.min.css]
[weaboohere.wixsite.com/71b202df.min.css]
[weaboohere.wixsite.com/b1140d86.min.css]
[weaboohere.wixsite.com/cd620fee.min.css]
[weaboohere.wixsite.com/ed87aa35.min.css]
[weaboohere.wixsite.com/f0dc1b0d.min.css]
[weaboohere.wixsite.com/a5995c4f.min.css]
[weaboohere.wixsite.com/8df597f4.min.css]
[weaboohere.wixsite.com/28856597.min.css]
[weaboohere.wixsite.com/5d8342a8.min.css]
[weaboohere.wixsite.com/2ebba997.min.css]
[weaboohere.wixsite.com/752ed7c6.min.css]
[weaboohere.wixsite.com/ecd167d2.min.css]
[weaboohere.wixsite.com/c64b57c8.min.css]
[weaboohere.wixsite.com/27565bf7.min.css]
[weaboohere.wixsite.com/426f7bc5.min.css]
[weaboohere.wixsite.com/f605a452.min.css]
[weaboohere.wixsite.com/38f9ee39.min.css]
[weaboohere.wixsite.com/90ab4450.min.css]
[weaboohere.wixsite.com/da15e916.min.css]
[weaboohere.wixsite.com/8a50d1c3.min.css]
[weaboohere.wixsite.com/912c5006.min.css]
[weaboohere.wixsite.com/60bf524a.min.css]
[weaboohere.wixsite.com/696515ba.min.css]
[weaboohere.wixsite.com/87695bbc.chunk.min.js]
[weaboohere.wixsite.com/d9127de7.chunk.min.js]
[weaboohere.wixsite.com/861ed6d0.chunk.min.js]
[weaboohere.wixsite.com/b6a782bb.chunk.min.js]
[weaboohere.wixsite.com/rb_wixui.thunderbolt_bootstrap-classic.e02cee66.chunk.min.js]
[weaboohere.wixsite.com/rb_wixui.thunderbolt_common-site-members-dialogs.e7339d57.chunk.min.css]
[weaboohere.wixsite.com/rb_wixui.thunderbolt_common-site-members-dialogs.b6a782bb.chunk.min.js]
[weaboohere.wixsite.com/rb_wixui.thunderbolt_bootstrap-responsive.a66c1914.chunk.min.css]
[weaboohere.wixsite.com/rb_wixui.thunderbolt_bootstrap-responsive.861ed6d0.chunk.min.js]
[weaboohere.wixsite.com/rb_wixui.thunderbolt_bootstrap.d2bc8922.chunk.min.css]
[weaboohere.wixsite.com/rb_wixui.thunderbolt_bootstrap.87695bbc.chunk.min.js]
[weaboohere.wixsite.com/rb_wixui.corvid_core.dfbf2099.chunk.min.js]
[weaboohere.wixsite.com/rb_wixui.thunderbolt_mobile.3ea9ad42.chunk.min.css]
[weaboohere.wixsite.com/decodeURIComponent(e]
[browser.sentry-cdn.com/5.21.4/bundle.min.js]
[weaboohere.wixsite.com/sitemap.xml]
[weaboohere.wixsite.com/feed.xml]
[static.parastorage.com/services/wix-thunderbolt/dist/bootstrap-features.c8c0b9cf.bundle.min.js]
[static.parastorage.com/services/wix-thunderbolt/dist/main.801da3a0.bundle.min.js]
[static.parastorage.com/unpkg/lodash@4.17.21/lodash.min.js]
[static.parastorage.com/unpkg/react@16.13.1/umd/react.production.min.js]
[static.parastorage.com/services/wix-code-platform/1.949.0/wixCodeNamespacesAndElementorySupport.min.js]
[bundler.wix-code.com/41c385d1-8578-4cb8-b80d-a7330c92f371/f3595e23-9115-48d4-a90b-cd52bf4f6f5a/ededdef2-5961-423f-8a75-b055e3be6b03/pages/c1dmp.js]
[static.parastorage.com/services/tag-manager-client/1.427.0/siteTags.bundle.min.js]
[weaboohere.wixsite.com/index.html]
[static.parastorage.com/services/wix-perf-measure/1.551.0/wix-perf-measure.bundle.min.js]
[weaboohere.wixsite.com/version/index.html]
[static.wixstatic.com/media/cbed6b_17f5b913760a46448fea5bef0707f7ae_mv2.png/v1/fill/w_51,h_51,al_c,usm_0.66_1.00_0.01,blur_3/image_2021-09-02_162959.png]
[static.wixstatic.com/media/cbed6b_02031ba5896943db8c519248dd677a7f_mv2.png/v1/fill/w_196,h_196,al_c,usm_0.66_1.00_0.01,blur_2/cbed6b_02031ba5896943db8c519248dd677a7f_mv2.png]
[weaboohere.wixsite.com/dlsdedi.html]
[static.parastorage.com/unpkg/react-dom@16.13.1/umd/react-dom.production.min.js]
[weaboohere.wixsite.com/dlsdedi/47b73115.min.css]
[weaboohere.wixsite.com/dlsdedi/1a3ca2ee.min.css]
[weaboohere.wixsite.com/dlsdedi/16e44c05.min.css]
[weaboohere.wixsite.com/dlsdedi/6ac53ab7.min.css]
[weaboohere.wixsite.com/dlsdedi/02595569.min.css]
[weaboohere.wixsite.com/dlsdedi/e5861f41.min.css]
[weaboohere.wixsite.com/dlsdedi/c53e42d7.min.css]
[weaboohere.wixsite.com/dlsdedi/da6c52cb.min.css]
[weaboohere.wixsite.com/dlsdedi/3d2759f7.min.css]
[weaboohere.wixsite.com/dlsdedi/960c3a88.min.css]
[weaboohere.wixsite.com/dlsdedi/390543ac.min.css]
[weaboohere.wixsite.com/dlsdedi/9c32533d.min.css]
[weaboohere.wixsite.com/dlsdedi/f36661fb.min.css]
[weaboohere.wixsite.com/dlsdedi/aa613bd1.min.css]
[weaboohere.wixsite.com/dlsdedi/395efea1.min.css]
[weaboohere.wixsite.com/dlsdedi/6daaad8b.min.css]
[weaboohere.wixsite.com/dlsdedi/bf91693c.min.css]
[weaboohere.wixsite.com/dlsdedi/b4ae8803.min.css]
[weaboohere.wixsite.com/dlsdedi/62ccedec.min.css]
[weaboohere.wixsite.com/dlsdedi/ae08c227.min.css]
[weaboohere.wixsite.com/dlsdedi/11f27093.min.css]
[weaboohere.wixsite.com/dlsdedi/9b155e90.min.css]
[weaboohere.wixsite.com/dlsdedi/4ec2545d.min.css]
[weaboohere.wixsite.com/dlsdedi/1bbe301d.min.css]
[weaboohere.wixsite.com/dlsdedi/e78a13b3.min.css]
[weaboohere.wixsite.com/dlsdedi/b604fd33.min.css]
[weaboohere.wixsite.com/dlsdedi/48c6d58d.min.css]
[weaboohere.wixsite.com/dlsdedi/439c90c8.min.css]
[weaboohere.wixsite.com/dlsdedi/cd69f57c.min.css]
[weaboohere.wixsite.com/dlsdedi/bc223d50.min.css]
[weaboohere.wixsite.com/dlsdedi/bc2466c0.min.css]
[weaboohere.wixsite.com/dlsdedi/5d7b6bbf.min.css]
[weaboohere.wixsite.com/dlsdedi/3fdab364.min.css]
[weaboohere.wixsite.com/dlsdedi/20d93486.min.css]
[weaboohere.wixsite.com/dlsdedi/9692b4a8.min.css]
[weaboohere.wixsite.com/dlsdedi/914012ea.min.css]
[weaboohere.wixsite.com/dlsdedi/ffa0eb8f.min.css]
[weaboohere.wixsite.com/dlsdedi/fe8be6d6.min.css]
[weaboohere.wixsite.com/dlsdedi/a28cca36.min.css]
[weaboohere.wixsite.com/dlsdedi/02b07b80.min.css]
[weaboohere.wixsite.com/dlsdedi/265e9a4a.min.css]
[weaboohere.wixsite.com/dlsdedi/ff342417.min.css]
[weaboohere.wixsite.com/dlsdedi/2a1582d7.min.css]
[weaboohere.wixsite.com/dlsdedi/eb321d93.min.css]
[weaboohere.wixsite.com/dlsdedi/06cfef68.min.css]
[weaboohere.wixsite.com/dlsdedi/49a18e23.min.css]
[weaboohere.wixsite.com/dlsdedi/2467b183.min.css]
[weaboohere.wixsite.com/dlsdedi/f9fd7cbe.min.css]
[weaboohere.wixsite.com/dlsdedi/e142d0f4.min.css]
[weaboohere.wixsite.com/dlsdedi/96a73741.min.css]
[weaboohere.wixsite.com/dlsdedi/4c758e80.min.css]
[weaboohere.wixsite.com/dlsdedi/44b62fdc.min.css]
[weaboohere.wixsite.com/dlsdedi/7f8c7c3e.min.css]
[weaboohere.wixsite.com/dlsdedi/fbbc0ea4.min.css]
[weaboohere.wixsite.com/dlsdedi/5d29307d.min.css]
[weaboohere.wixsite.com/dlsdedi/85af43ab.min.css]
[weaboohere.wixsite.com/dlsdedi/7010eb60.min.css]
[weaboohere.wixsite.com/dlsdedi/566bec70.min.css]
[weaboohere.wixsite.com/dlsdedi/fc40122e.min.css]
[weaboohere.wixsite.com/dlsdedi/45242c23.min.css]
[weaboohere.wixsite.com/dlsdedi/0efca64c.min.css]
[weaboohere.wixsite.com/dlsdedi/42ccdc69.min.css]
[weaboohere.wixsite.com/dlsdedi/4ea3b970.min.css]
[weaboohere.wixsite.com/dlsdedi/0ee85551.min.css]
[weaboohere.wixsite.com/dlsdedi/085f85ee.min.css]
[weaboohere.wixsite.com/dlsdedi/fc21aae5.min.css]
[weaboohere.wixsite.com/dlsdedi/641eb53d.min.css]
[weaboohere.wixsite.com/dlsdedi/cabcae51.min.css]
[weaboohere.wixsite.com/dlsdedi/b66c178d.min.css]
[weaboohere.wixsite.com/dlsdedi/c7fdedca.min.css]
[weaboohere.wixsite.com/dlsdedi/ce9dcea4.min.css]
[weaboohere.wixsite.com/dlsdedi/bc497b45.min.css]
[weaboohere.wixsite.com/dlsdedi/2acb415c.min.css]
[weaboohere.wixsite.com/dlsdedi/7d6cd51b.min.css]
[weaboohere.wixsite.com/dlsdedi/16e57088.min.css]
[weaboohere.wixsite.com/dlsdedi/0a1c073a.min.css]
[weaboohere.wixsite.com/dlsdedi/1ac8fc0f.min.css]
[weaboohere.wixsite.com/dlsdedi/e5d84163.min.css]
[weaboohere.wixsite.com/dlsdedi/d5f023bb.min.css]
[weaboohere.wixsite.com/dlsdedi/d820de38.min.css]
[weaboohere.wixsite.com/dlsdedi/012dc85e.min.css]
[weaboohere.wixsite.com/dlsdedi/9d29a199.min.css]
[weaboohere.wixsite.com/dlsdedi/381ee71b.min.css]
[weaboohere.wixsite.com/dlsdedi/bf413556.min.css]
[weaboohere.wixsite.com/dlsdedi/316080a6.min.css]
[weaboohere.wixsite.com/dlsdedi/51a9742f.min.css]
[weaboohere.wixsite.com/dlsdedi/bf732f1f.min.css]
[weaboohere.wixsite.com/dlsdedi/99f4b3eb.min.css]
[weaboohere.wixsite.com/dlsdedi/a545d558.min.css]
[weaboohere.wixsite.com/dlsdedi/2dbd3d0a.min.css]
[weaboohere.wixsite.com/dlsdedi/5346ce3f.min.css]
[weaboohere.wixsite.com/dlsdedi/f658a9c4.min.css]
[weaboohere.wixsite.com/dlsdedi/7c9ceb1e.min.css]
[weaboohere.wixsite.com/dlsdedi/aa72298b.min.css]
[weaboohere.wixsite.com/dlsdedi/6ea2cb1c.min.css]
[weaboohere.wixsite.com/dlsdedi/a9c2732c.min.css]
[weaboohere.wixsite.com/dlsdedi/93e61b80.min.css]
[weaboohere.wixsite.com/dlsdedi/4bbd8d4f.min.css]
[weaboohere.wixsite.com/dlsdedi/f4297adc.min.css]
[weaboohere.wixsite.com/dlsdedi/f3af5621.min.css]
[weaboohere.wixsite.com/dlsdedi/23167c06.min.css]
[weaboohere.wixsite.com/dlsdedi/4c919285.min.css]
[weaboohere.wixsite.com/dlsdedi/99e902d9.min.css]
[weaboohere.wixsite.com/dlsdedi/7761d6fc.min.css]
[weaboohere.wixsite.com/dlsdedi/164e68d9.min.css]
[weaboohere.wixsite.com/dlsdedi/40e5d5cf.min.css]
[weaboohere.wixsite.com/dlsdedi/7c602eb2.min.css]
[weaboohere.wixsite.com/dlsdedi/6b4c7217.min.css]
[weaboohere.wixsite.com/dlsdedi/5b26625f.min.css]
[weaboohere.wixsite.com/dlsdedi/2e327647.min.css]
[weaboohere.wixsite.com/dlsdedi/4a6a7fc9.min.css]
[weaboohere.wixsite.com/dlsdedi/f52e40aa.min.css]
[weaboohere.wixsite.com/dlsdedi/29ef3ea9.min.css]
[weaboohere.wixsite.com/dlsdedi/8a33f286.min.css]
[weaboohere.wixsite.com/dlsdedi/a1e4335b.min.css]
[weaboohere.wixsite.com/dlsdedi/6df35c38.min.css]
[weaboohere.wixsite.com/dlsdedi/b8760986.min.css]
[weaboohere.wixsite.com/dlsdedi/37bd0eeb.min.css]
[weaboohere.wixsite.com/dlsdedi/8d04f72e.min.css]
[weaboohere.wixsite.com/dlsdedi/84c587cd.min.css]
[weaboohere.wixsite.com/dlsdedi/23e436be.min.css]
[weaboohere.wixsite.com/dlsdedi/41f1fa78.min.css]
[weaboohere.wixsite.com/dlsdedi/3e581339.min.css]
[weaboohere.wixsite.com/dlsdedi/a2f0f523.min.css]
[weaboohere.wixsite.com/dlsdedi/86aca973.min.css]
[weaboohere.wixsite.com/dlsdedi/7c1692b1.min.css]
[weaboohere.wixsite.com/dlsdedi/8005d5c1.min.css]
[weaboohere.wixsite.com/dlsdedi/0e20a470.min.css]
[weaboohere.wixsite.com/dlsdedi/c9b5bd15.min.css]
[weaboohere.wixsite.com/dlsdedi/8c688a9d.min.css]
[weaboohere.wixsite.com/dlsdedi/6b1e299b.min.css]
[weaboohere.wixsite.com/dlsdedi/11d68990.min.css]
[weaboohere.wixsite.com/dlsdedi/3f166307.min.css]
[weaboohere.wixsite.com/dlsdedi/1355ec40.min.css]
[weaboohere.wixsite.com/dlsdedi/48220e7a.min.css]
[weaboohere.wixsite.com/dlsdedi/eca71e40.min.css]
[weaboohere.wixsite.com/dlsdedi/024f5250.min.css]
[weaboohere.wixsite.com/dlsdedi/54e8ad37.min.css]
[weaboohere.wixsite.com/dlsdedi/c79634ce.min.css]
[weaboohere.wixsite.com/dlsdedi/036d1c2c.min.css]
[weaboohere.wixsite.com/dlsdedi/04c30725.min.css]
[weaboohere.wixsite.com/dlsdedi/685dda1c.min.css]
[weaboohere.wixsite.com/dlsdedi/70558d9b.min.css]
[weaboohere.wixsite.com/dlsdedi/b43bc41a.min.css]
[weaboohere.wixsite.com/dlsdedi/aff3efe3.min.css]
[weaboohere.wixsite.com/dlsdedi/44306cc3.min.css]
[weaboohere.wixsite.com/dlsdedi/f08a1c03.min.css]
[weaboohere.wixsite.com/dlsdedi/6818c64c.min.css]
[weaboohere.wixsite.com/dlsdedi/4fa4a352.min.css]
[weaboohere.wixsite.com/dlsdedi/97d7cd97.min.css]
[weaboohere.wixsite.com/dlsdedi/a1e76019.min.css]
[weaboohere.wixsite.com/dlsdedi/b4bc6361.min.css]
[weaboohere.wixsite.com/dlsdedi/9eed3e82.min.css]
[weaboohere.wixsite.com/dlsdedi/ce776e38.min.css]
[weaboohere.wixsite.com/dlsdedi/4a43b954.min.css]
[weaboohere.wixsite.com/dlsdedi/799d016a.min.css]
[weaboohere.wixsite.com/dlsdedi/c434348a.min.css]
[weaboohere.wixsite.com/dlsdedi/4038e1e2.min.css]
[weaboohere.wixsite.com/dlsdedi/c24f5e69.min.css]
[weaboohere.wixsite.com/dlsdedi/8ab00128.min.css]
[weaboohere.wixsite.com/dlsdedi/45eee88d.min.css]
[weaboohere.wixsite.com/dlsdedi/7df86004.min.css]
[weaboohere.wixsite.com/dlsdedi/145b5660.min.css]
[weaboohere.wixsite.com/dlsdedi/3e624017.min.css]
[weaboohere.wixsite.com/dlsdedi/eb810a4a.min.css]
[weaboohere.wixsite.com/dlsdedi/81ed76c3.min.css]
[weaboohere.wixsite.com/dlsdedi/d1f9c7e6.min.css]
[weaboohere.wixsite.com/dlsdedi/b9c1dae7.min.css]
[weaboohere.wixsite.com/dlsdedi/fcdab481.min.css]
[weaboohere.wixsite.com/dlsdedi/b0da3a19.min.css]
[weaboohere.wixsite.com/dlsdedi/70e8afa8.min.css]
[weaboohere.wixsite.com/dlsdedi/9c39b1d1.min.css]
[weaboohere.wixsite.com/dlsdedi/59f9faa0.min.css]
[weaboohere.wixsite.com/dlsdedi/b92ba9ff.min.css]
[weaboohere.wixsite.com/dlsdedi/3810b71a.min.css]
[weaboohere.wixsite.com/dlsdedi/41f245d4.min.css]
[weaboohere.wixsite.com/dlsdedi/e24e08e7.min.css]
[weaboohere.wixsite.com/dlsdedi/2366b4ac.min.css]
[weaboohere.wixsite.com/dlsdedi/0357d64b.min.css]
[weaboohere.wixsite.com/dlsdedi/13eb5276.min.css]
[weaboohere.wixsite.com/dlsdedi/2978359e.min.css]
[weaboohere.wixsite.com/dlsdedi/4b1f6567.min.css]
[weaboohere.wixsite.com/dlsdedi/4e6fba8d.min.css]
[weaboohere.wixsite.com/dlsdedi/883064bf.min.css]
[weaboohere.wixsite.com/dlsdedi/55fd4990.min.css]
[weaboohere.wixsite.com/dlsdedi/882dfccd.min.css]
[weaboohere.wixsite.com/dlsdedi/70efe3c5.min.css]
[weaboohere.wixsite.com/dlsdedi/6d011635.min.css]
[weaboohere.wixsite.com/dlsdedi/af38aead.min.css]
[weaboohere.wixsite.com/dlsdedi/39cfb47d.min.css]
[weaboohere.wixsite.com/dlsdedi/1a1f2ab9.min.css]
[weaboohere.wixsite.com/dlsdedi/5ed4e092.min.css]
[weaboohere.wixsite.com/dlsdedi/75512b1a.min.css]
[weaboohere.wixsite.com/dlsdedi/2a38244f.min.css]
[weaboohere.wixsite.com/dlsdedi/837e8139.min.css]
[weaboohere.wixsite.com/dlsdedi/f8ec65c6.min.css]
[weaboohere.wixsite.com/dlsdedi/913e0517.min.css]
[weaboohere.wixsite.com/dlsdedi/2ce475e3.min.css]
[weaboohere.wixsite.com/dlsdedi/96f4b814.min.css]
[weaboohere.wixsite.com/dlsdedi/efcd8729.min.css]
[weaboohere.wixsite.com/dlsdedi/0ebb4539.min.css]
[weaboohere.wixsite.com/dlsdedi/c9371416.min.css]
[weaboohere.wixsite.com/dlsdedi/84fca3f0.min.css]
[weaboohere.wixsite.com/dlsdedi/44b60e9d.min.css]
[weaboohere.wixsite.com/dlsdedi/48e483a5.min.css]
[weaboohere.wixsite.com/dlsdedi/100a01ba.min.css]
[weaboohere.wixsite.com/dlsdedi/dba31346.min.css]
[weaboohere.wixsite.com/dlsdedi/5a61fee8.min.css]
[weaboohere.wixsite.com/dlsdedi/6010b816.min.css]
[weaboohere.wixsite.com/dlsdedi/99e9084d.min.css]
[weaboohere.wixsite.com/dlsdedi/39cdb6e7.min.css]
[weaboohere.wixsite.com/dlsdedi/98f5e34d.min.css]
[weaboohere.wixsite.com/dlsdedi/4bd62377.min.css]
[weaboohere.wixsite.com/dlsdedi/f6b4449f.min.css]
[weaboohere.wixsite.com/dlsdedi/692d3cfd.min.css]
[weaboohere.wixsite.com/dlsdedi/dda10bbb.min.css]
[weaboohere.wixsite.com/dlsdedi/826aa068.min.css]
[weaboohere.wixsite.com/dlsdedi/71561e01.min.css]
[weaboohere.wixsite.com/dlsdedi/2aa93db9.min.css]
[weaboohere.wixsite.com/dlsdedi/ac1f0c83.min.css]
[weaboohere.wixsite.com/dlsdedi/3fc3aa14.min.css]
[weaboohere.wixsite.com/dlsdedi/eed9660c.min.css]
[weaboohere.wixsite.com/dlsdedi/e98ddd9c.min.css]
[weaboohere.wixsite.com/dlsdedi/9f54505f.min.css]
[weaboohere.wixsite.com/dlsdedi/82a3c6bd.min.css]
[weaboohere.wixsite.com/dlsdedi/959e5e9e.min.css]
[weaboohere.wixsite.com/dlsdedi/c6933345.min.css]
[weaboohere.wixsite.com/dlsdedi/7ac66a81.min.css]
[weaboohere.wixsite.com/dlsdedi/7f6e9aff.min.css]
[weaboohere.wixsite.com/dlsdedi/7197ceeb.min.css]
[weaboohere.wixsite.com/dlsdedi/4d761874.min.css]
[weaboohere.wixsite.com/dlsdedi/57ee110f.min.css]
[weaboohere.wixsite.com/dlsdedi/723e4fed.min.css]
[weaboohere.wixsite.com/dlsdedi/7d0d5475.min.css]
[weaboohere.wixsite.com/dlsdedi/d9e9ecf4.min.css]
[weaboohere.wixsite.com/dlsdedi/4d71157d.min.css]
[weaboohere.wixsite.com/dlsdedi/30611ad6.min.css]
[weaboohere.wixsite.com/dlsdedi/3107aee2.min.css]
[weaboohere.wixsite.com/dlsdedi/add763df.min.css]
[weaboohere.wixsite.com/dlsdedi/20a005d9.min.css]
[weaboohere.wixsite.com/dlsdedi/f12c724d.min.css]
[weaboohere.wixsite.com/dlsdedi/b240b5cd.min.css]
[weaboohere.wixsite.com/dlsdedi/9d437fe6.min.css]
[weaboohere.wixsite.com/dlsdedi/c79506ef.min.css]
[weaboohere.wixsite.com/dlsdedi/2683b280.min.css]
[weaboohere.wixsite.com/dlsdedi/e356d735.min.css]
[weaboohere.wixsite.com/dlsdedi/1fef0d1f.min.css]
[weaboohere.wixsite.com/dlsdedi/4e9ee1a3.min.css]
[weaboohere.wixsite.com/dlsdedi/8845e14b.min.css]
[weaboohere.wixsite.com/dlsdedi/a7d5ac4b.min.css]
[weaboohere.wixsite.com/dlsdedi/015a530e.min.css]
[weaboohere.wixsite.com/dlsdedi/b6e3e82f.min.css]
[weaboohere.wixsite.com/dlsdedi/731d5bce.min.css]
[weaboohere.wixsite.com/dlsdedi/c61ac2b6.min.css]
[weaboohere.wixsite.com/dlsdedi/c9d89f77.min.css]
[weaboohere.wixsite.com/dlsdedi/77753e29.min.css]
[weaboohere.wixsite.com/dlsdedi/2a3ba4df.min.css]
[weaboohere.wixsite.com/dlsdedi/1150efce.min.css]
[weaboohere.wixsite.com/dlsdedi/dbfd66d7.min.css]
[weaboohere.wixsite.com/dlsdedi/e1813de1.min.css]
[weaboohere.wixsite.com/dlsdedi/34b72cf9.min.css]
[weaboohere.wixsite.com/dlsdedi/5d684912.min.css]
[weaboohere.wixsite.com/dlsdedi/07d43a5b.min.css]
[weaboohere.wixsite.com/dlsdedi/74e60b57.min.css]
[weaboohere.wixsite.com/dlsdedi/71b202df.min.css]
[weaboohere.wixsite.com/dlsdedi/b1140d86.min.css]
[weaboohere.wixsite.com/dlsdedi/cd620fee.min.css]
[weaboohere.wixsite.com/dlsdedi/ed87aa35.min.css]
[weaboohere.wixsite.com/dlsdedi/f0dc1b0d.min.css]
[weaboohere.wixsite.com/dlsdedi/a5995c4f.min.css]
[weaboohere.wixsite.com/dlsdedi/8df597f4.min.css]
[weaboohere.wixsite.com/dlsdedi/28856597.min.css]
[weaboohere.wixsite.com/dlsdedi/5d8342a8.min.css]
[weaboohere.wixsite.com/dlsdedi/2ebba997.min.css]
[weaboohere.wixsite.com/dlsdedi/752ed7c6.min.css]
[weaboohere.wixsite.com/dlsdedi/ecd167d2.min.css]
[weaboohere.wixsite.com/dlsdedi/c64b57c8.min.css]
[weaboohere.wixsite.com/dlsdedi/27565bf7.min.css]
[weaboohere.wixsite.com/dlsdedi/426f7bc5.min.css]
[weaboohere.wixsite.com/dlsdedi/f605a452.min.css]
[weaboohere.wixsite.com/dlsdedi/38f9ee39.min.css]
[weaboohere.wixsite.com/dlsdedi/90ab4450.min.css]
[weaboohere.wixsite.com/dlsdedi/da15e916.min.css]
[weaboohere.wixsite.com/dlsdedi/8a50d1c3.min.css]
[weaboohere.wixsite.com/dlsdedi/912c5006.min.css]
[weaboohere.wixsite.com/dlsdedi/60bf524a.min.css]
[weaboohere.wixsite.com/dlsdedi/696515ba.min.css]
[weaboohere.wixsite.com/dlsdedi/87695bbc.chunk.min.js]
[weaboohere.wixsite.com/dlsdedi/d9127de7.chunk.min.js]
[weaboohere.wixsite.com/dlsdedi/861ed6d0.chunk.min.js]
[weaboohere.wixsite.com/dlsdedi/b6a782bb.chunk.min.js]
[weaboohere.wixsite.com/dlsdedi/rb_wixui.thunderbolt_bootstrap-classic.e02cee66.chunk.min.js]
[weaboohere.wixsite.com/dlsdedi/rb_wixui.thunderbolt_common-site-members-dialogs.e7339d57.chunk.min.css]
[weaboohere.wixsite.com/dlsdedi/rb_wixui.thunderbolt_common-site-members-dialogs.b6a782bb.chunk.min.js]
[weaboohere.wixsite.com/dlsdedi/rb_wixui.thunderbolt_bootstrap-responsive.a66c1914.chunk.min.css]
[weaboohere.wixsite.com/dlsdedi/rb_wixui.thunderbolt_bootstrap-responsive.861ed6d0.chunk.min.js]
[weaboohere.wixsite.com/dlsdedi/rb_wixui.thunderbolt_bootstrap.d2bc8922.chunk.min.css]
[weaboohere.wixsite.com/dlsdedi/rb_wixui.thunderbolt_bootstrap.87695bbc.chunk.min.js]
[weaboohere.wixsite.com/dlsdedi/rb_wixui.corvid_core.dfbf2099.chunk.min.js]
[weaboohere.wixsite.com/dlsdedi/rb_wixui.thunderbolt_mobile.3ea9ad42.chunk.min.css]
[weaboohere.wixsite.com/dlsdedi/decodeURIComponent(e]
[weaboohere.wixsite.com/dlsdedi/robots.txt]
[weaboohere.wixsite.com/dlsdedi/sitemap.xml]
[weaboohere.wixsite.com/dlsdedi/feed.xml]
[static.wixstatic.com/media/cbed6b_82cce7ec990f4ab38e330885ac3cd23b_mv2.jpg/v1/fill/w_102,h_102,al_c,q_80,usm_0.66_1.00_0.01,blur_1/cbed6b_82cce7ec990f4ab38e330885ac3cd23b_mv2.jpg]
[weaboohere.wixsite.com/dlsdedi/about.html]
[weaboohere.wixsite.com/dlsdedi/blank.html]
[weaboohere.wixsite.com/dlsdedi/version/index.html]
[weaboohere.wixsite.com/dlsdedi/plans-pricing.html]
[weaboohere.wixsite.com/47b73115.min.html]
[weaboohere.wixsite.com/1a3ca2ee.min.html]
[weaboohere.wixsite.com/16e44c05.min.html]
[weaboohere.wixsite.com/6ac53ab7.min.html]
[weaboohere.wixsite.com/02595569.min.html]
[weaboohere.wixsite.com/e5861f41.min.html]
[weaboohere.wixsite.com/c53e42d7.min.html]
[weaboohere.wixsite.com/da6c52cb.min.html]
[weaboohere.wixsite.com/3d2759f7.min.html]
[weaboohere.wixsite.com/960c3a88.min.html]
[weaboohere.wixsite.com/390543ac.min.html]
[weaboohere.wixsite.com/9c32533d.min.html]
[weaboohere.wixsite.com/f36661fb.min.html]
[weaboohere.wixsite.com/aa613bd1.min.html]
[weaboohere.wixsite.com/395efea1.min.html]
[weaboohere.wixsite.com/6daaad8b.min.html]
[weaboohere.wixsite.com/bf91693c.min.html]
[weaboohere.wixsite.com/b4ae8803.min.html]
[weaboohere.wixsite.com/62ccedec.min.html]
[weaboohere.wixsite.com/ae08c227.min.html]
[weaboohere.wixsite.com/11f27093.min.html]
[weaboohere.wixsite.com/9b155e90.min.html]
[weaboohere.wixsite.com/4ec2545d.min.html]
[weaboohere.wixsite.com/1bbe301d.min.html]
[weaboohere.wixsite.com/e78a13b3.min.html]
[weaboohere.wixsite.com/b604fd33.min.html]
[weaboohere.wixsite.com/48c6d58d.min.html]
[weaboohere.wixsite.com/439c90c8.min.html]
[weaboohere.wixsite.com/cd69f57c.min.html]
[weaboohere.wixsite.com/bc223d50.min.html]
[weaboohere.wixsite.com/bc2466c0.min.html]
[weaboohere.wixsite.com/5d7b6bbf.min.html]
[weaboohere.wixsite.com/3fdab364.min.html]
[weaboohere.wixsite.com/20d93486.min.html]
[weaboohere.wixsite.com/9692b4a8.min.html]
[weaboohere.wixsite.com/914012ea.min.html]
[weaboohere.wixsite.com/ffa0eb8f.min.html]
[weaboohere.wixsite.com/fe8be6d6.min.html]
[weaboohere.wixsite.com/a28cca36.min.html]
[weaboohere.wixsite.com/02b07b80.min.html]
[weaboohere.wixsite.com/265e9a4a.min.html]
[weaboohere.wixsite.com/ff342417.min.html]
[weaboohere.wixsite.com/2a1582d7.min.html]
[weaboohere.wixsite.com/eb321d93.min.html]
[weaboohere.wixsite.com/06cfef68.min.html]
[weaboohere.wixsite.com/49a18e23.min.html]
[weaboohere.wixsite.com/2467b183.min.html]
[weaboohere.wixsite.com/f9fd7cbe.min.html]
[weaboohere.wixsite.com/e142d0f4.min.html]
[weaboohere.wixsite.com/96a73741.min.html]
[weaboohere.wixsite.com/4c758e80.min.html]
[weaboohere.wixsite.com/44b62fdc.min.html]
[weaboohere.wixsite.com/7f8c7c3e.min.html]
[weaboohere.wixsite.com/fbbc0ea4.min.html]
[weaboohere.wixsite.com/5d29307d.min.html]
[weaboohere.wixsite.com/85af43ab.min.html]
[weaboohere.wixsite.com/7010eb60.min.html]
[weaboohere.wixsite.com/566bec70.min.html]
[weaboohere.wixsite.com/fc40122e.min.html]
[weaboohere.wixsite.com/45242c23.min.html]
[weaboohere.wixsite.com/0efca64c.min.html]
[weaboohere.wixsite.com/42ccdc69.min.html]
[weaboohere.wixsite.com/4ea3b970.min.html]
[weaboohere.wixsite.com/0ee85551.min.html]
[weaboohere.wixsite.com/085f85ee.min.html]
[weaboohere.wixsite.com/fc21aae5.min.html]
[weaboohere.wixsite.com/641eb53d.min.html]
[weaboohere.wixsite.com/cabcae51.min.html]
[weaboohere.wixsite.com/b66c178d.min.html]
[weaboohere.wixsite.com/c7fdedca.min.html]
[weaboohere.wixsite.com/ce9dcea4.min.html]
[weaboohere.wixsite.com/bc497b45.min.html]
[weaboohere.wixsite.com/2acb415c.min.html]
[weaboohere.wixsite.com/7d6cd51b.min.html]
[weaboohere.wixsite.com/16e57088.min.html]
[weaboohere.wixsite.com/0a1c073a.min.html]
[weaboohere.wixsite.com/1ac8fc0f.min.html]
[weaboohere.wixsite.com/e5d84163.min.html]
[weaboohere.wixsite.com/d5f023bb.min.html]
[weaboohere.wixsite.com/d820de38.min.html]
[weaboohere.wixsite.com/012dc85e.min.html]
[weaboohere.wixsite.com/9d29a199.min.html]
[weaboohere.wixsite.com/381ee71b.min.html]
[weaboohere.wixsite.com/bf413556.min.html]
[weaboohere.wixsite.com/316080a6.min.html]
[weaboohere.wixsite.com/51a9742f.min.html]
[weaboohere.wixsite.com/bf732f1f.min.html]
[weaboohere.wixsite.com/99f4b3eb.min.html]
[weaboohere.wixsite.com/a545d558.min.html]
[weaboohere.wixsite.com/2dbd3d0a.min.html]
[weaboohere.wixsite.com/5346ce3f.min.html]
[weaboohere.wixsite.com/f658a9c4.min.html]
[weaboohere.wixsite.com/7c9ceb1e.min.html]
[weaboohere.wixsite.com/aa72298b.min.html]
[weaboohere.wixsite.com/6ea2cb1c.min.html]
[weaboohere.wixsite.com/a9c2732c.min.html]
[weaboohere.wixsite.com/93e61b80.min.html]
[weaboohere.wixsite.com/4bbd8d4f.min.html]
[weaboohere.wixsite.com/f4297adc.min.html]
[weaboohere.wixsite.com/f3af5621.min.html]
[weaboohere.wixsite.com/23167c06.min.html]
[weaboohere.wixsite.com/4c919285.min.html]
[weaboohere.wixsite.com/99e902d9.min.html]
[weaboohere.wixsite.com/7761d6fc.min.html]
[weaboohere.wixsite.com/164e68d9.min.html]
[weaboohere.wixsite.com/40e5d5cf.min.html]
[weaboohere.wixsite.com/7c602eb2.min.html]
[weaboohere.wixsite.com/6b4c7217.min.html]
[weaboohere.wixsite.com/5b26625f.min.html]
[weaboohere.wixsite.com/2e327647.min.html]
[weaboohere.wixsite.com/4a6a7fc9.min.html]
[weaboohere.wixsite.com/f52e40aa.min.html]
[weaboohere.wixsite.com/29ef3ea9.min.html]
[weaboohere.wixsite.com/8a33f286.min.html]
[weaboohere.wixsite.com/a1e4335b.min.html]
[weaboohere.wixsite.com/6df35c38.min.html]
[weaboohere.wixsite.com/b8760986.min.html]
[weaboohere.wixsite.com/37bd0eeb.min.html]
[weaboohere.wixsite.com/8d04f72e.min.html]
[weaboohere.wixsite.com/84c587cd.min.html]
[weaboohere.wixsite.com/23e436be.min.html]
[weaboohere.wixsite.com/41f1fa78.min.html]
[weaboohere.wixsite.com/3e581339.min.html]
[weaboohere.wixsite.com/a2f0f523.min.html]
[weaboohere.wixsite.com/86aca973.min.html]
[weaboohere.wixsite.com/7c1692b1.min.html]
[weaboohere.wixsite.com/8005d5c1.min.html]
[weaboohere.wixsite.com/0e20a470.min.html]
[weaboohere.wixsite.com/c9b5bd15.min.html]
[weaboohere.wixsite.com/8c688a9d.min.html]
[weaboohere.wixsite.com/6b1e299b.min.html]
[weaboohere.wixsite.com/11d68990.min.html]
[weaboohere.wixsite.com/3f166307.min.html]
[weaboohere.wixsite.com/1355ec40.min.html]
[weaboohere.wixsite.com/48220e7a.min.html]
[weaboohere.wixsite.com/eca71e40.min.html]
[weaboohere.wixsite.com/024f5250.min.html]
[weaboohere.wixsite.com/54e8ad37.min.html]
[weaboohere.wixsite.com/c79634ce.min.html]
[weaboohere.wixsite.com/036d1c2c.min.html]
[weaboohere.wixsite.com/04c30725.min.html]
[weaboohere.wixsite.com/685dda1c.min.html]
[weaboohere.wixsite.com/70558d9b.min.html]
[weaboohere.wixsite.com/b43bc41a.min.html]
[weaboohere.wixsite.com/aff3efe3.min.html]
[weaboohere.wixsite.com/44306cc3.min.html]
[weaboohere.wixsite.com/f08a1c03.min.html]
[weaboohere.wixsite.com/6818c64c.min.html]
[weaboohere.wixsite.com/4fa4a352.min.html]
[weaboohere.wixsite.com/97d7cd97.min.html]
[weaboohere.wixsite.com/a1e76019.min.html]
[weaboohere.wixsite.com/b4bc6361.min.html]
[weaboohere.wixsite.com/9eed3e82.min.html]
[weaboohere.wixsite.com/ce776e38.min.html]
[weaboohere.wixsite.com/4a43b954.min.html]
[weaboohere.wixsite.com/799d016a.min.html]
[weaboohere.wixsite.com/c434348a.min.html]
[weaboohere.wixsite.com/4038e1e2.min.html]
[weaboohere.wixsite.com/c24f5e69.min.html]
[weaboohere.wixsite.com/8ab00128.min.html]
[weaboohere.wixsite.com/45eee88d.min.html]
[weaboohere.wixsite.com/7df86004.min.html]
[weaboohere.wixsite.com/145b5660.min.html]
[weaboohere.wixsite.com/3e624017.min.html]
[weaboohere.wixsite.com/eb810a4a.min.html]
[weaboohere.wixsite.com/81ed76c3.min.html]
[weaboohere.wixsite.com/d1f9c7e6.min.html]
[weaboohere.wixsite.com/b9c1dae7.min.html]
[weaboohere.wixsite.com/fcdab481.min.html]
[weaboohere.wixsite.com/b0da3a19.min.html]
[weaboohere.wixsite.com/70e8afa8.min.html]
[weaboohere.wixsite.com/9c39b1d1.min.html]
[weaboohere.wixsite.com/59f9faa0.min.html]
[weaboohere.wixsite.com/b92ba9ff.min.html]
[weaboohere.wixsite.com/3810b71a.min.html]
[weaboohere.wixsite.com/41f245d4.min.html]
[weaboohere.wixsite.com/e24e08e7.min.html]
[weaboohere.wixsite.com/2366b4ac.min.html]
[weaboohere.wixsite.com/0357d64b.min.html]
[weaboohere.wixsite.com/13eb5276.min.html]
[weaboohere.wixsite.com/2978359e.min.html]
[weaboohere.wixsite.com/4b1f6567.min.html]
[weaboohere.wixsite.com/4e6fba8d.min.html]
[weaboohere.wixsite.com/883064bf.min.html]
[weaboohere.wixsite.com/55fd4990.min.html]
[weaboohere.wixsite.com/882dfccd.min.html]
[weaboohere.wixsite.com/70efe3c5.min.html]
[weaboohere.wixsite.com/6d011635.min.html]
[weaboohere.wixsite.com/af38aead.min.html]
[weaboohere.wixsite.com/39cfb47d.min.html]
[weaboohere.wixsite.com/1a1f2ab9.min.html]
[weaboohere.wixsite.com/5ed4e092.min.html]
[weaboohere.wixsite.com/75512b1a.min.html]
[weaboohere.wixsite.com/2a38244f.min.html]
[weaboohere.wixsite.com/837e8139.min.html]
[weaboohere.wixsite.com/f8ec65c6.min.html]
[weaboohere.wixsite.com/913e0517.min.html]
[weaboohere.wixsite.com/2ce475e3.min.html]
[weaboohere.wixsite.com/96f4b814.min.html]
[weaboohere.wixsite.com/efcd8729.min.html]
[weaboohere.wixsite.com/0ebb4539.min.html]
[weaboohere.wixsite.com/c9371416.min.html]
[weaboohere.wixsite.com/84fca3f0.min.html]
[weaboohere.wixsite.com/44b60e9d.min.html]
[weaboohere.wixsite.com/48e483a5.min.html]
[weaboohere.wixsite.com/100a01ba.min.html]
[weaboohere.wixsite.com/dba31346.min.html]
[weaboohere.wixsite.com/5a61fee8.min.html]
[weaboohere.wixsite.com/6010b816.min.html]
[weaboohere.wixsite.com/99e9084d.min.html]
[weaboohere.wixsite.com/39cdb6e7.min.html]
[weaboohere.wixsite.com/98f5e34d.min.html]
[weaboohere.wixsite.com/4bd62377.min.html]
[weaboohere.wixsite.com/f6b4449f.min.html]
[weaboohere.wixsite.com/692d3cfd.min.html]
[weaboohere.wixsite.com/dda10bbb.min.html]
[weaboohere.wixsite.com/826aa068.min.html]
[weaboohere.wixsite.com/71561e01.min.html]
[weaboohere.wixsite.com/2aa93db9.min.html]
[weaboohere.wixsite.com/ac1f0c83.min.html]
[weaboohere.wixsite.com/3fc3aa14.min.html]
[weaboohere.wixsite.com/eed9660c.min.html]
[weaboohere.wixsite.com/e98ddd9c.min.html]
[weaboohere.wixsite.com/9f54505f.min.html]
[weaboohere.wixsite.com/82a3c6bd.min.html]
[weaboohere.wixsite.com/959e5e9e.min.html]
[weaboohere.wixsite.com/c6933345.min.html]
[weaboohere.wixsite.com/7ac66a81.min.html]
[weaboohere.wixsite.com/7f6e9aff.min.html]
[weaboohere.wixsite.com/7197ceeb.min.html]
[weaboohere.wixsite.com/4d761874.min.html]
[weaboohere.wixsite.com/57ee110f.min.html]
[weaboohere.wixsite.com/723e4fed.min.html]
[weaboohere.wixsite.com/7d0d5475.min.html]
[weaboohere.wixsite.com/d9e9ecf4.min.html]
[weaboohere.wixsite.com/4d71157d.min.html]
[weaboohere.wixsite.com/30611ad6.min.html]
[weaboohere.wixsite.com/3107aee2.min.html]
[weaboohere.wixsite.com/add763df.min.html]
[weaboohere.wixsite.com/20a005d9.min.html]
[weaboohere.wixsite.com/f12c724d.min.html]
[weaboohere.wixsite.com/b240b5cd.min.html]
[weaboohere.wixsite.com/9d437fe6.min.html]
[weaboohere.wixsite.com/c79506ef.min.html]
[weaboohere.wixsite.com/2683b280.min.html]
[weaboohere.wixsite.com/e356d735.min.html]
[weaboohere.wixsite.com/1fef0d1f.min.html]
[weaboohere.wixsite.com/4e9ee1a3.min.html]
[weaboohere.wixsite.com/8845e14b.min.html]
[weaboohere.wixsite.com/a7d5ac4b.min.html]
[weaboohere.wixsite.com/015a530e.min.html]
[weaboohere.wixsite.com/b6e3e82f.min.html]
[weaboohere.wixsite.com/731d5bce.min.html]
[weaboohere.wixsite.com/c61ac2b6.min.html]
[weaboohere.wixsite.com/c9d89f77.min.html]
[weaboohere.wixsite.com/77753e29.min.html]
[weaboohere.wixsite.com/2a3ba4df.min.html]
[weaboohere.wixsite.com/1150efce.min.html]
[weaboohere.wixsite.com/dbfd66d7.min.html]
[weaboohere.wixsite.com/e1813de1.min.html]
[weaboohere.wixsite.com/34b72cf9.min.html]
[weaboohere.wixsite.com/5d684912.min.html]
[weaboohere.wixsite.com/07d43a5b.min.html]
[weaboohere.wixsite.com/74e60b57.min.html]
[weaboohere.wixsite.com/71b202df.min.html]
[weaboohere.wixsite.com/b1140d86.min.html]
[weaboohere.wixsite.com/cd620fee.min.html]
[weaboohere.wixsite.com/ed87aa35.min.html]
[weaboohere.wixsite.com/f0dc1b0d.min.html]
[weaboohere.wixsite.com/a5995c4f.min.html]
[weaboohere.wixsite.com/8df597f4.min.html]
[weaboohere.wixsite.com/28856597.min.html]
[weaboohere.wixsite.com/5d8342a8.min.html]
[weaboohere.wixsite.com/2ebba997.min.html]
[weaboohere.wixsite.com/752ed7c6.min.html]
[weaboohere.wixsite.com/ecd167d2.min.html]
[weaboohere.wixsite.com/c64b57c8.min.html]
[weaboohere.wixsite.com/27565bf7.min.html]
[weaboohere.wixsite.com/426f7bc5.min.html]
[weaboohere.wixsite.com/f605a452.min.html]
[weaboohere.wixsite.com/38f9ee39.min.html]
[weaboohere.wixsite.com/90ab4450.min.html]
[weaboohere.wixsite.com/da15e916.min.html]
[weaboohere.wixsite.com/8a50d1c3.min.html]
[weaboohere.wixsite.com/912c5006.min.html]
[weaboohere.wixsite.com/60bf524a.min.html]
[weaboohere.wixsite.com/696515ba.min.html]
[weaboohere.wixsite.com/87695bbc.chunk.min.html]
[weaboohere.wixsite.com/d9127de7.chunk.min.html]
[weaboohere.wixsite.com/861ed6d0.chunk.min.html]
[weaboohere.wixsite.com/b6a782bb.chunk.min.html]
[weaboohere.wixsite.com/rb_wixui.thunderbolt_bootstrap-classic.e02cee66.chunk.min.html]
[weaboohere.wixsite.com/rb_wixui.thunderbolt_common-site-members-dialogs.e7339d57.chunk.min.html]
[weaboohere.wixsite.com/rb_wixui.thunderbolt_common-site-members-dialogs.b6a782bb.chunk.min.html]
[weaboohere.wixsite.com/rb_wixui.thunderbolt_bootstrap-responsive.a66c1914.chunk.min.html]
[weaboohere.wixsite.com/rb_wixui.thunderbolt_bootstrap-responsive.861ed6d0.chunk.min.html]
[weaboohere.wixsite.com/rb_wixui.thunderbolt_bootstrap.d2bc8922.chunk.min.html]
[weaboohere.wixsite.com/rb_wixui.thunderbolt_bootstrap.87695bbc.chunk.min.html]
[weaboohere.wixsite.com/rb_wixui.corvid_core.dfbf2099.chunk.min.html]
[weaboohere.wixsite.com/rb_wixui.thunderbolt_mobile.3ea9ad42.chunk.min.html]
[weaboohere.wixsite.com/decodeURIComponent(e.html]
[weaboohere.wixsite.com/sitemap.html]
[weaboohere.wixsite.com/feed.html]
[weaboohere.wixsite.com/index.html]
[weaboohere.wixsite.com/version/index.html]
[weaboohere.wixsite.com/dlsdedi/47b73115.min.html]
[weaboohere.wixsite.com/dlsdedi/1a3ca2ee.min.html]
[weaboohere.wixsite.com/dlsdedi/16e44c05.min.html]
[weaboohere.wixsite.com/dlsdedi/6ac53ab7.min.html]
[weaboohere.wixsite.com/dlsdedi/02595569.min.html]
[weaboohere.wixsite.com/dlsdedi/e5861f41.min.html]
[weaboohere.wixsite.com/dlsdedi/c53e42d7.min.html]
[weaboohere.wixsite.com/dlsdedi/da6c52cb.min.html]
[weaboohere.wixsite.com/dlsdedi/3d2759f7.min.html]
[weaboohere.wixsite.com/dlsdedi/960c3a88.min.html]
[weaboohere.wixsite.com/dlsdedi/390543ac.min.html]
[weaboohere.wixsite.com/dlsdedi/9c32533d.min.html]
[weaboohere.wixsite.com/dlsdedi/f36661fb.min.html]
[weaboohere.wixsite.com/dlsdedi/aa613bd1.min.html]
[weaboohere.wixsite.com/dlsdedi/395efea1.min.html]
[weaboohere.wixsite.com/dlsdedi/6daaad8b.min.html]
[weaboohere.wixsite.com/dlsdedi/bf91693c.min.html]
[weaboohere.wixsite.com/dlsdedi/b4ae8803.min.html]
[weaboohere.wixsite.com/dlsdedi/62ccedec.min.html]
[weaboohere.wixsite.com/dlsdedi/ae08c227.min.html]
[weaboohere.wixsite.com/dlsdedi/11f27093.min.html]
[weaboohere.wixsite.com/dlsdedi/9b155e90.min.html]
[weaboohere.wixsite.com/dlsdedi/4ec2545d.min.html]
[weaboohere.wixsite.com/dlsdedi/1bbe301d.min.html]
[weaboohere.wixsite.com/dlsdedi/e78a13b3.min.html]
[weaboohere.wixsite.com/dlsdedi/b604fd33.min.html]
[weaboohere.wixsite.com/dlsdedi/48c6d58d.min.html]
[weaboohere.wixsite.com/dlsdedi/439c90c8.min.html]
[weaboohere.wixsite.com/dlsdedi/cd69f57c.min.html]
[weaboohere.wixsite.com/dlsdedi/bc223d50.min.html]
[weaboohere.wixsite.com/dlsdedi/bc2466c0.min.html]
[weaboohere.wixsite.com/dlsdedi/5d7b6bbf.min.html]
[weaboohere.wixsite.com/dlsdedi/3fdab364.min.html]
[weaboohere.wixsite.com/dlsdedi/20d93486.min.html]
[weaboohere.wixsite.com/dlsdedi/9692b4a8.min.html]
[weaboohere.wixsite.com/dlsdedi/914012ea.min.html]
[weaboohere.wixsite.com/dlsdedi/ffa0eb8f.min.html]
[weaboohere.wixsite.com/dlsdedi/fe8be6d6.min.html]
[weaboohere.wixsite.com/dlsdedi/a28cca36.min.html]
[weaboohere.wixsite.com/dlsdedi/02b07b80.min.html]
[weaboohere.wixsite.com/dlsdedi/265e9a4a.min.html]
[weaboohere.wixsite.com/dlsdedi/ff342417.min.html]
[weaboohere.wixsite.com/dlsdedi/2a1582d7.min.html]
[weaboohere.wixsite.com/dlsdedi/eb321d93.min.html]
[weaboohere.wixsite.com/dlsdedi/06cfef68.min.html]
[weaboohere.wixsite.com/dlsdedi/49a18e23.min.html]
[weaboohere.wixsite.com/dlsdedi/2467b183.min.html]
[weaboohere.wixsite.com/dlsdedi/f9fd7cbe.min.html]
[weaboohere.wixsite.com/dlsdedi/e142d0f4.min.html]
[weaboohere.wixsite.com/dlsdedi/96a73741.min.html]
[weaboohere.wixsite.com/dlsdedi/4c758e80.min.html]
[weaboohere.wixsite.com/dlsdedi/44b62fdc.min.html]
[weaboohere.wixsite.com/dlsdedi/7f8c7c3e.min.html]
[weaboohere.wixsite.com/dlsdedi/fbbc0ea4.min.html]
[weaboohere.wixsite.com/dlsdedi/5d29307d.min.html]
[weaboohere.wixsite.com/dlsdedi/85af43ab.min.html]
[weaboohere.wixsite.com/dlsdedi/7010eb60.min.html]
[weaboohere.wixsite.com/dlsdedi/566bec70.min.html]
[weaboohere.wixsite.com/dlsdedi/fc40122e.min.html]
[weaboohere.wixsite.com/dlsdedi/45242c23.min.html]
[weaboohere.wixsite.com/dlsdedi/0efca64c.min.html]
[weaboohere.wixsite.com/dlsdedi/42ccdc69.min.html]
[weaboohere.wixsite.com/dlsdedi/4ea3b970.min.html]
[weaboohere.wixsite.com/dlsdedi/0ee85551.min.html]
[weaboohere.wixsite.com/dlsdedi/085f85ee.min.html]
[weaboohere.wixsite.com/dlsdedi/fc21aae5.min.html]
[weaboohere.wixsite.com/dlsdedi/641eb53d.min.html]
[weaboohere.wixsite.com/dlsdedi/cabcae51.min.html]
[weaboohere.wixsite.com/dlsdedi/b66c178d.min.html]
[weaboohere.wixsite.com/dlsdedi/c7fdedca.min.html]
[weaboohere.wixsite.com/dlsdedi/ce9dcea4.min.html]
[weaboohere.wixsite.com/dlsdedi/bc497b45.min.html]
[weaboohere.wixsite.com/dlsdedi/2acb415c.min.html]
[weaboohere.wixsite.com/dlsdedi/7d6cd51b.min.html]
[weaboohere.wixsite.com/dlsdedi/16e57088.min.html]
[weaboohere.wixsite.com/dlsdedi/0a1c073a.min.html]
[weaboohere.wixsite.com/dlsdedi/1ac8fc0f.min.html]
[weaboohere.wixsite.com/dlsdedi/e5d84163.min.html]
[weaboohere.wixsite.com/dlsdedi/d5f023bb.min.html]
[weaboohere.wixsite.com/dlsdedi/d820de38.min.html]
[weaboohere.wixsite.com/dlsdedi/012dc85e.min.html]
[weaboohere.wixsite.com/dlsdedi/9d29a199.min.html]
[weaboohere.wixsite.com/dlsdedi/381ee71b.min.html]
[weaboohere.wixsite.com/dlsdedi/bf413556.min.html]
[weaboohere.wixsite.com/dlsdedi/316080a6.min.html]
[weaboohere.wixsite.com/dlsdedi/51a9742f.min.html]
[weaboohere.wixsite.com/dlsdedi/bf732f1f.min.html]
[weaboohere.wixsite.com/dlsdedi/99f4b3eb.min.html]
[weaboohere.wixsite.com/dlsdedi/a545d558.min.html]
[weaboohere.wixsite.com/dlsdedi/2dbd3d0a.min.html]
[weaboohere.wixsite.com/dlsdedi/5346ce3f.min.html]
[weaboohere.wixsite.com/dlsdedi/f658a9c4.min.html]
[weaboohere.wixsite.com/dlsdedi/7c9ceb1e.min.html]
[weaboohere.wixsite.com/dlsdedi/aa72298b.min.html]
[weaboohere.wixsite.com/dlsdedi/6ea2cb1c.min.html]
[weaboohere.wixsite.com/dlsdedi/a9c2732c.min.html]
[weaboohere.wixsite.com/dlsdedi/93e61b80.min.html]
[weaboohere.wixsite.com/dlsdedi/4bbd8d4f.min.html]
[weaboohere.wixsite.com/dlsdedi/f4297adc.min.html]
[weaboohere.wixsite.com/dlsdedi/f3af5621.min.html]
[weaboohere.wixsite.com/dlsdedi/23167c06.min.html]
[weaboohere.wixsite.com/dlsdedi/4c919285.min.html]
[weaboohere.wixsite.com/dlsdedi/99e902d9.min.html]
[weaboohere.wixsite.com/dlsdedi/7761d6fc.min.html]
[weaboohere.wixsite.com/dlsdedi/164e68d9.min.html]
[weaboohere.wixsite.com/dlsdedi/40e5d5cf.min.html]
[weaboohere.wixsite.com/dlsdedi/7c602eb2.min.html]
[weaboohere.wixsite.com/dlsdedi/6b4c7217.min.html]
[weaboohere.wixsite.com/dlsdedi/5b26625f.min.html]
[weaboohere.wixsite.com/dlsdedi/2e327647.min.html]
[weaboohere.wixsite.com/dlsdedi/4a6a7fc9.min.html]
[weaboohere.wixsite.com/dlsdedi/f52e40aa.min.html]
[weaboohere.wixsite.com/dlsdedi/29ef3ea9.min.html]
[weaboohere.wixsite.com/dlsdedi/8a33f286.min.html]
[weaboohere.wixsite.com/dlsdedi/a1e4335b.min.html]
[weaboohere.wixsite.com/dlsdedi/6df35c38.min.html]
[weaboohere.wixsite.com/dlsdedi/b8760986.min.html]
[weaboohere.wixsite.com/dlsdedi/37bd0eeb.min.html]
[weaboohere.wixsite.com/dlsdedi/8d04f72e.min.html]
[weaboohere.wixsite.com/dlsdedi/84c587cd.min.html]
[weaboohere.wixsite.com/dlsdedi/23e436be.min.html]
[weaboohere.wixsite.com/dlsdedi/41f1fa78.min.html]
[weaboohere.wixsite.com/dlsdedi/3e581339.min.html]
[weaboohere.wixsite.com/dlsdedi/a2f0f523.min.html]
[weaboohere.wixsite.com/dlsdedi/86aca973.min.html]
[weaboohere.wixsite.com/dlsdedi/7c1692b1.min.html]
[weaboohere.wixsite.com/dlsdedi/8005d5c1.min.html]
[weaboohere.wixsite.com/dlsdedi/0e20a470.min.html]
[weaboohere.wixsite.com/dlsdedi/c9b5bd15.min.html]
[weaboohere.wixsite.com/dlsdedi/8c688a9d.min.html]
[weaboohere.wixsite.com/dlsdedi/6b1e299b.min.html]
[weaboohere.wixsite.com/dlsdedi/11d68990.min.html]
[weaboohere.wixsite.com/dlsdedi/3f166307.min.html]
[weaboohere.wixsite.com/dlsdedi/1355ec40.min.html]
[weaboohere.wixsite.com/dlsdedi/48220e7a.min.html]
[weaboohere.wixsite.com/dlsdedi/eca71e40.min.html]
[weaboohere.wixsite.com/dlsdedi/024f5250.min.html]
[weaboohere.wixsite.com/dlsdedi/54e8ad37.min.html]
[weaboohere.wixsite.com/dlsdedi/c79634ce.min.html]
[weaboohere.wixsite.com/dlsdedi/036d1c2c.min.html]
[weaboohere.wixsite.com/dlsdedi/04c30725.min.html]
[weaboohere.wixsite.com/dlsdedi/685dda1c.min.html]
[weaboohere.wixsite.com/dlsdedi/70558d9b.min.html]
[weaboohere.wixsite.com/dlsdedi/b43bc41a.min.html]
[weaboohere.wixsite.com/dlsdedi/aff3efe3.min.html]
[weaboohere.wixsite.com/dlsdedi/44306cc3.min.html]
[weaboohere.wixsite.com/dlsdedi/f08a1c03.min.html]
[weaboohere.wixsite.com/dlsdedi/6818c64c.min.html]
[weaboohere.wixsite.com/dlsdedi/4fa4a352.min.html]
[weaboohere.wixsite.com/dlsdedi/97d7cd97.min.html]
[weaboohere.wixsite.com/dlsdedi/a1e76019.min.html]
[weaboohere.wixsite.com/dlsdedi/b4bc6361.min.html]
[weaboohere.wixsite.com/dlsdedi/9eed3e82.min.html]
[weaboohere.wixsite.com/dlsdedi/ce776e38.min.html]
[weaboohere.wixsite.com/dlsdedi/4a43b954.min.html]
[weaboohere.wixsite.com/dlsdedi/799d016a.min.html]
[weaboohere.wixsite.com/dlsdedi/c434348a.min.html]
[weaboohere.wixsite.com/dlsdedi/4038e1e2.min.html]
[weaboohere.wixsite.com/dlsdedi/c24f5e69.min.html]
[weaboohere.wixsite.com/dlsdedi/8ab00128.min.html]
[weaboohere.wixsite.com/dlsdedi/45eee88d.min.html]
[weaboohere.wixsite.com/dlsdedi/7df86004.min.html]
[weaboohere.wixsite.com/dlsdedi/145b5660.min.html]
[weaboohere.wixsite.com/dlsdedi/3e624017.min.html]
[weaboohere.wixsite.com/dlsdedi/eb810a4a.min.html]
[weaboohere.wixsite.com/dlsdedi/81ed76c3.min.html]
[weaboohere.wixsite.com/dlsdedi/d1f9c7e6.min.html]
[weaboohere.wixsite.com/dlsdedi/b9c1dae7.min.html]
[weaboohere.wixsite.com/dlsdedi/fcdab481.min.html]
[weaboohere.wixsite.com/dlsdedi/b0da3a19.min.html]
[weaboohere.wixsite.com/dlsdedi/70e8afa8.min.html]
[weaboohere.wixsite.com/dlsdedi/9c39b1d1.min.html]
[weaboohere.wixsite.com/dlsdedi/59f9faa0.min.html]
[weaboohere.wixsite.com/dlsdedi/b92ba9ff.min.html]
[weaboohere.wixsite.com/dlsdedi/3810b71a.min.html]
[weaboohere.wixsite.com/dlsdedi/41f245d4.min.html]
[weaboohere.wixsite.com/dlsdedi/e24e08e7.min.html]
[weaboohere.wixsite.com/dlsdedi/2366b4ac.min.html]
[weaboohere.wixsite.com/dlsdedi/0357d64b.min.html]
[weaboohere.wixsite.com/dlsdedi/13eb5276.min.html]
[weaboohere.wixsite.com/dlsdedi/2978359e.min.html]
[weaboohere.wixsite.com/dlsdedi/4b1f6567.min.html]
[weaboohere.wixsite.com/dlsdedi/4e6fba8d.min.html]
[weaboohere.wixsite.com/dlsdedi/883064bf.min.html]
[weaboohere.wixsite.com/dlsdedi/55fd4990.min.html]
[weaboohere.wixsite.com/dlsdedi/882dfccd.min.html]
[weaboohere.wixsite.com/dlsdedi/70efe3c5.min.html]
[weaboohere.wixsite.com/dlsdedi/6d011635.min.html]
[weaboohere.wixsite.com/dlsdedi/af38aead.min.html]
[weaboohere.wixsite.com/dlsdedi/39cfb47d.min.html]
[weaboohere.wixsite.com/dlsdedi/1a1f2ab9.min.html]
[weaboohere.wixsite.com/dlsdedi/5ed4e092.min.html]
[weaboohere.wixsite.com/dlsdedi/75512b1a.min.html]
[weaboohere.wixsite.com/dlsdedi/2a38244f.min.html]
[weaboohere.wixsite.com/dlsdedi/837e8139.min.html]
[weaboohere.wixsite.com/dlsdedi/f8ec65c6.min.html]
[weaboohere.wixsite.com/dlsdedi/913e0517.min.html]
[weaboohere.wixsite.com/dlsdedi/2ce475e3.min.html]
[weaboohere.wixsite.com/dlsdedi/96f4b814.min.html]
[weaboohere.wixsite.com/dlsdedi/efcd8729.min.html]
[weaboohere.wixsite.com/dlsdedi/0ebb4539.min.html]
[weaboohere.wixsite.com/dlsdedi/c9371416.min.html]
[weaboohere.wixsite.com/dlsdedi/84fca3f0.min.html]
[weaboohere.wixsite.com/dlsdedi/44b60e9d.min.html]
[weaboohere.wixsite.com/dlsdedi/48e483a5.min.html]
[weaboohere.wixsite.com/dlsdedi/100a01ba.min.html]
[weaboohere.wixsite.com/dlsdedi/dba31346.min.html]
[weaboohere.wixsite.com/dlsdedi/5a61fee8.min.html]
[weaboohere.wixsite.com/dlsdedi/6010b816.min.html]
[weaboohere.wixsite.com/dlsdedi/99e9084d.min.html]
[weaboohere.wixsite.com/dlsdedi/39cdb6e7.min.html]
[weaboohere.wixsite.com/dlsdedi/98f5e34d.min.html]
[weaboohere.wixsite.com/dlsdedi/4bd62377.min.html]
[weaboohere.wixsite.com/dlsdedi/f6b4449f.min.html]
[weaboohere.wixsite.com/dlsdedi/692d3cfd.min.html]
[weaboohere.wixsite.com/dlsdedi/dda10bbb.min.html]
[weaboohere.wixsite.com/dlsdedi/826aa068.min.html]
[weaboohere.wixsite.com/dlsdedi/71561e01.min.html]
[weaboohere.wixsite.com/dlsdedi/2aa93db9.min.html]
[weaboohere.wixsite.com/dlsdedi/ac1f0c83.min.html]
[weaboohere.wixsite.com/dlsdedi/3fc3aa14.min.html]
[weaboohere.wixsite.com/dlsdedi/eed9660c.min.html]
[weaboohere.wixsite.com/dlsdedi/e98ddd9c.min.html]
[weaboohere.wixsite.com/dlsdedi/9f54505f.min.html]
[weaboohere.wixsite.com/dlsdedi/82a3c6bd.min.html]
[weaboohere.wixsite.com/dlsdedi/959e5e9e.min.html]
[weaboohere.wixsite.com/dlsdedi/c6933345.min.html]
[weaboohere.wixsite.com/dlsdedi/7ac66a81.min.html]
[weaboohere.wixsite.com/dlsdedi/7f6e9aff.min.html]
[weaboohere.wixsite.com/dlsdedi/7197ceeb.min.html]
[weaboohere.wixsite.com/dlsdedi/4d761874.min.html]
[weaboohere.wixsite.com/dlsdedi/57ee110f.min.html]
[weaboohere.wixsite.com/dlsdedi/723e4fed.min.html]
[weaboohere.wixsite.com/dlsdedi/7d0d5475.min.html]
[weaboohere.wixsite.com/dlsdedi/d9e9ecf4.min.html]
[weaboohere.wixsite.com/dlsdedi/4d71157d.min.html]
[weaboohere.wixsite.com/dlsdedi/30611ad6.min.html]
[weaboohere.wixsite.com/dlsdedi/3107aee2.min.html]
[weaboohere.wixsite.com/dlsdedi/add763df.min.html]
[weaboohere.wixsite.com/dlsdedi/20a005d9.min.html]
[weaboohere.wixsite.com/dlsdedi/f12c724d.min.html]
[weaboohere.wixsite.com/dlsdedi/b240b5cd.min.html]
[weaboohere.wixsite.com/dlsdedi/9d437fe6.min.html]
[weaboohere.wixsite.com/dlsdedi/c79506ef.min.html]
[weaboohere.wixsite.com/dlsdedi/2683b280.min.html]
[weaboohere.wixsite.com/dlsdedi/e356d735.min.html]
[weaboohere.wixsite.com/dlsdedi/1fef0d1f.min.html]
[weaboohere.wixsite.com/dlsdedi/4e9ee1a3.min.html]
[weaboohere.wixsite.com/dlsdedi/8845e14b.min.html]
[weaboohere.wixsite.com/dlsdedi/a7d5ac4b.min.html]
[weaboohere.wixsite.com/dlsdedi/015a530e.min.html]
[weaboohere.wixsite.com/dlsdedi/b6e3e82f.min.html]
[weaboohere.wixsite.com/dlsdedi/731d5bce.min.html]
[weaboohere.wixsite.com/dlsdedi/c61ac2b6.min.html]
[weaboohere.wixsite.com/dlsdedi/c9d89f77.min.html]
[weaboohere.wixsite.com/dlsdedi/77753e29.min.html]
[weaboohere.wixsite.com/dlsdedi/2a3ba4df.min.html]
[weaboohere.wixsite.com/dlsdedi/1150efce.min.html]
[weaboohere.wixsite.com/dlsdedi/dbfd66d7.min.html]
[weaboohere.wixsite.com/dlsdedi/e1813de1.min.html]
[weaboohere.wixsite.com/dlsdedi/34b72cf9.min.html]
[weaboohere.wixsite.com/dlsdedi/5d684912.min.html]
[weaboohere.wixsite.com/dlsdedi/07d43a5b.min.html]
[weaboohere.wixsite.com/dlsdedi/74e60b57.min.html]
[weaboohere.wixsite.com/dlsdedi/71b202df.min.html]
[weaboohere.wixsite.com/dlsdedi/b1140d86.min.html]
[weaboohere.wixsite.com/dlsdedi/cd620fee.min.html]
[weaboohere.wixsite.com/dlsdedi/ed87aa35.min.html]
[weaboohere.wixsite.com/dlsdedi/f0dc1b0d.min.html]
[weaboohere.wixsite.com/dlsdedi/a5995c4f.min.html]
[weaboohere.wixsite.com/dlsdedi/8df597f4.min.html]
[weaboohere.wixsite.com/dlsdedi/28856597.min.html]
[weaboohere.wixsite.com/dlsdedi/5d8342a8.min.html]
[weaboohere.wixsite.com/dlsdedi/2ebba997.min.html]
[weaboohere.wixsite.com/dlsdedi/752ed7c6.min.html]
[weaboohere.wixsite.com/dlsdedi/ecd167d2.min.html]
[weaboohere.wixsite.com/dlsdedi/c64b57c8.min.html]
[weaboohere.wixsite.com/dlsdedi/27565bf7.min.html]
[weaboohere.wixsite.com/dlsdedi/426f7bc5.min.html]
[weaboohere.wixsite.com/dlsdedi/f605a452.min.html]
[weaboohere.wixsite.com/dlsdedi/38f9ee39.min.html]
[weaboohere.wixsite.com/dlsdedi/90ab4450.min.html]
[weaboohere.wixsite.com/dlsdedi/da15e916.min.html]
[weaboohere.wixsite.com/dlsdedi/8a50d1c3.min.html]
[weaboohere.wixsite.com/dlsdedi/912c5006.min.html]
[weaboohere.wixsite.com/dlsdedi/60bf524a.min.html]
[weaboohere.wixsite.com/dlsdedi/696515ba.min.html]
[weaboohere.wixsite.com/dlsdedi/87695bbc.chunk.min.html]
[weaboohere.wixsite.com/dlsdedi/d9127de7.chunk.min.html]
[weaboohere.wixsite.com/dlsdedi/861ed6d0.chunk.min.html]
[weaboohere.wixsite.com/dlsdedi/b6a782bb.chunk.min.html]
[weaboohere.wixsite.com/dlsdedi/rb_wixui.thunderbolt_bootstrap-classic.e02cee66.chunk.min.html]
[weaboohere.wixsite.com/dlsdedi/rb_wixui.thunderbolt_common-site-members-dialogs.e7339d57.chunk.min.html]
[weaboohere.wixsite.com/dlsdedi/rb_wixui.thunderbolt_common-site-members-dialogs.b6a782bb.chunk.min.html]
[weaboohere.wixsite.com/dlsdedi/rb_wixui.thunderbolt_bootstrap-responsive.a66c1914.chunk.min.html]
[weaboohere.wixsite.com/dlsdedi/rb_wixui.thunderbolt_bootstrap-responsive.861ed6d0.chunk.min.html]
[weaboohere.wixsite.com/dlsdedi/rb_wixui.thunderbolt_bootstrap.d2bc8922.chunk.min.html]
[weaboohere.wixsite.com/dlsdedi/rb_wixui.thunderbolt_bootstrap.87695bbc.chunk.min.html]
[weaboohere.wixsite.com/dlsdedi/rb_wixui.corvid_core.dfbf2099.chunk.min.html]
[weaboohere.wixsite.com/dlsdedi/rb_wixui.thunderbolt_mobile.3ea9ad42.chunk.min.html]
[weaboohere.wixsite.com/dlsdedi/decodeURIComponent(e.html]
[weaboohere.wixsite.com/dlsdedi/robots.html]
[weaboohere.wixsite.com/dlsdedi/feed.html]
[weaboohere.wixsite.com/dlsdedi/version/index.html]
[static.parastorage.com/services/pricing-plans-tpa/1.459.0/List.chunk.min.js]
